Fetching distribution.
Downloading https://services.gradle.org/distributions/gradle-8.9-bin.zip
............10%.............20%.............30%.............40%.............50%.............60%.............70%.............80%.............90%.............100%

Welcome to Gradle 8.9!

Here are the highlights of this release:
 - Enhanced Error and Warning Messages
 - IDE Integration Improvements
 - Daemon JVM Information

For more details see https://docs.gradle.org/8.9/release-notes.html

To honour the JVM settings for this build a single-use Daemon process will be forked. For more on this, please refer to https://docs.gradle.org/8.9/userguide/gradle_daemon.html#sec:disabling_the_daemon in the Gradle documentation.
Daemon will be stopped at the end of the build 

> Configure project :app
WARNING: The option setting 'android.defaults.buildfeatures.buildconfig=true' is deprecated.
The current default is 'false'.
It will be removed in version 9.0 of the Android Gradle plugin.
You can resolve this warning in Android Studio via `Refactor` > `Migrate BuildConfig to Gradle Build Files`
WARNING: We recommend using a newer Android Gradle plugin to use compileSdk = 35

This Android Gradle plugin (8.5.2) was tested up to compileSdk = 34.

You are strongly encouraged to update your project to use a newer
Android Gradle plugin that has been tested with compileSdk = 35.

If you are already using the latest version of the Android Gradle plugin,
you may need to wait until a newer version with support for compileSdk = 35 is available.

For more information refer to the compatibility table:
https://d.android.com/r/tools/api-level-support

To suppress this warning, add/update
    android.suppressUnsupportedCompileSdk=35
to this project's gradle.properties.

> Task :app:preBuild UP-TO-DATE
> Task :app:preDebugBuild UP-TO-DATE
> Task :app:mergeDebugNativeDebugMetadata NO-SOURCE
> Task :app:checkKotlinGradlePluginConfigurationErrors
> Task :app:generateDebugBuildConfig
> Task :app:generateDebugResValues
> Task :app:checkDebugAarMetadata
> Task :app:mapDebugSourceSetPaths
> Task :app:generateDebugResources
> Task :app:packageDebugResources
> Task :app:mergeDebugResources
> Task :app:createDebugCompatibleScreenManifests
> Task :app:extractDeepLinksDebug
> Task :app:parseDebugLocalResources
> Task :app:processDebugMainManifest
> Task :app:processDebugManifest
> Task :app:processDebugManifestForPackage
> Task :app:javaPreCompileDebug
> Task :app:mergeDebugShaders
> Task :app:compileDebugShaders NO-SOURCE
> Task :app:generateDebugAssets UP-TO-DATE
> Task :app:mergeDebugAssets
> Task :app:compressDebugAssets
> Task :app:desugarDebugFileDependencies
> Task :app:processDebugResources
> Task :app:checkDebugDuplicateClasses
> Task :app:mergeDebugStartupProfile
> Task :app:kspDebugKotlin
> Task :app:mergeExtDexDebug
> Task :app:mergeDebugJniLibFolders
> Task :app:mergeLibDexDebug
> Task :app:mergeDebugNativeLibs
> Task :app:validateSigningDebug
> Task :app:writeDebugAppMetadata
> Task :app:writeDebugSigningConfigVersions

> Task :app:stripDebugDebugSymbols
Unable to strip the following libraries, packaging them as they are: libdatastore_shared_counter.so.

> Task :app:compileDebugKotlin
w: file:///home/runner/work/SalesGoalsApp/SalesGoalsApp/app/src/main/java/com/salesgoals/app/ui/screens/advisor/ImportSuccessScreen.kt:133:79 Unnecessary safe call on a non-null receiver of type BudgetEntity?
w: file:///home/runner/work/SalesGoalsApp/SalesGoalsApp/app/src/main/java/com/salesgoals/app/ui/screens/advisor/ImportSuccessScreen.kt:134:75 Unnecessary safe call on a non-null receiver of type BudgetEntity?
w: file:///home/runner/work/SalesGoalsApp/SalesGoalsApp/app/src/main/java/com/salesgoals/app/ui/screens/advisor/ImportSuccessScreen.kt:135:91 Unnecessary safe call on a non-null receiver of type BudgetEntity?
w: file:///home/runner/work/SalesGoalsApp/SalesGoalsApp/app/src/main/java/com/salesgoals/app/ui/screens/advisor/ImportSuccessScreen.kt:156:66 Unnecessary safe call on a non-null receiver of type BudgetEntity?
w: file:///home/runner/work/SalesGoalsApp/SalesGoalsApp/app/src/main/java/com/salesgoals/app/ui/screens/advisor/ImportSuccessScreen.kt:157:66 Unnecessary safe call on a non-null receiver of type BudgetEntity?
w: file:///home/runner/work/SalesGoalsApp/SalesGoalsApp/app/src/main/java/com/salesgoals/app/ui/screens/advisor/ImportSuccessScreen.kt:158:68 Unnecessary safe call on a non-null receiver of type BudgetEntity?
w: file:///home/runner/work/SalesGoalsApp/SalesGoalsApp/app/src/main/java/com/salesgoals/app/ui/screens/advisor/ImportSuccessScreen.kt:159:71 Unnecessary safe call on a non-null receiver of type BudgetEntity?
w: file:///home/runner/work/SalesGoalsApp/SalesGoalsApp/app/src/main/java/com/salesgoals/app/ui/screens/advisor/ImportSuccessScreen.kt:160:66 Unnecessary safe call on a non-null receiver of type BudgetEntity?
w: file:///home/runner/work/SalesGoalsApp/SalesGoalsApp/app/src/main/java/com/salesgoals/app/ui/screens/manager/BudgetSetupScreen.kt:211:36 'ArrowForward: ImageVector' is deprecated. Use the AutoMirrored version at Icons.AutoMirrored.Filled.ArrowForward
w: file:///home/runner/work/SalesGoalsApp/SalesGoalsApp/app/src/main/java/com/salesgoals/app/ui/theme/Theme.kt:73:20 'setter for statusBarColor: Int' is deprecated. Deprecated in Java

> Task :app:compileDebugJavaWithJavac
> Task :app:dexBuilderDebug
> Task :app:mergeDebugGlobalSynthetics
> Task :app:processDebugJavaRes
> Task :app:mergeProjectDexDebug
> Task :app:mergeDebugJavaResource
> Task :app:packageDebug
> Task :app:createDebugApkListingFileRedirect
> Task :app:assembleDebug

BUILD SUCCESSFUL in 3m 30s
40 actionable tasks: 40 executed
